##############################################################################################################
#
# Rosetta crash log. Please submit the contents of this file to http://crash.rosettacommons.org/
# or use the script Rosetta/main/source/scripts/python/public/report_crashes.py
#

[START_CRASH_REPORT]
[ROSETTA_VERSION]: 2025.37+release.df75a9c48e
[COMMIT_DATE]: 2025-09-10T02:14:08.564791
[APPLICATION]: /home/vedansh/Downloads/rosetta_binary_ubuntu_3.15_bundle/rosetta.binary.ubuntu.release-408/main/source/bin/FlexPepDocking.static.linuxgccrelease
[MODE]: Release
[EXTRAS]: default
[OS]: GNU/Linux
[COMPILER]: GCC version "7.5.0"
[STDLIB]: libstdc++ version 20191114
[START_OPTIONS]
 -in:path:database=/home/vedansh/Downloads/rosetta_binary_ubuntu_3.15_bundle/rosetta.binary.ubuntu.release-408/main/database/ -in:file:s=prepack/start_0001_prepack_0001.pdb -out:nstruct=200 -out:suffix=_refine -out:path:all=refine/ -constraints:cst_file=constraints/constraints_0001.cst -constraints:cst_fa_weight=1 -flexPepDocking:pep_refine

[END_OPTIONS]

[START_BACKTRACE]: RAW_LIBC
[0x817ca56]
[0x819da9f]
[0x8183f2f]
[0x8183c76]
[0x537a51f]
[0x537ee45]
[0x537ef5d]
[0x4f523cb]
[0x4f1e491]
[0x4f206e6]
[0x5258226]
[0x41229d]
[0x8bf6ec9]
[0x6c3cea]

[END_BACKTRACE]

[FILE]: src/core/import_pose/import_pose.cc
[LINE]: 387
[START_MESSAGE]
[ ERROR ] UtilityExitException
ERROR: Cannot open file "prepack/start_0001_prepack_0001.pdb"



[END_MESSAGE]
[END_CRASH_REPORT]

##############################################################################################################
#
# Rosetta crash log. Please submit the contents of this file to http://crash.rosettacommons.org/
# or use the script Rosetta/main/source/scripts/python/public/report_crashes.py
#

[START_CRASH_REPORT]
[ROSETTA_VERSION]: 2025.37+release.df75a9c48e
[COMMIT_DATE]: 2025-09-10T02:14:08.564791
[APPLICATION]: /home/vedansh/Downloads/rosetta_binary_ubuntu_3.15_bundle/rosetta.binary.ubuntu.release-408/main/source/bin/rosetta_scripts.static.linuxgccrelease
[MODE]: Release
[EXTRAS]: default
[OS]: GNU/Linux
[COMPILER]: GCC version "7.5.0"
[STDLIB]: libstdc++ version 20191114
[START_OPTIONS]
 -in:path:database=/home/vedansh/Downloads/rosetta_binary_ubuntu_3.15_bundle/rosetta.binary.ubuntu.release-408/main/database/ -in:file:s=refine/start_0001_mut_0001_prepack_0001_refine_0001.pdb -out:suffix=_relax -out:path:all=relax/ -parser:protocol=/home/vedansh/projects/random/git-install/lib/relax_script.xml -parser:script_vars=MMP8_END=161 PEP_START=162 PEP_END=179

[END_OPTIONS]

[START_BACKTRACE]: RAW_LIBC
[0x817c9a6]
[0x819d9ef]
[0x8183e7f]
[0x8183bc6]
[0x1ed79dd]
[0x1ed7b31]
[0x1ecbb55]
[0x51e7e9f]
[0x51ead00]
[0x51ebbce]
[0x4f1ea56]
[0x4f20636]
[0x5258176]
[0x412287]
[0x8bf6e19]
[0x6c3c8a]

[END_BACKTRACE]

[FILE]: src/protocols/cyclic_peptide/PeptideInternalHbondsMetric.cc
[LINE]: 293
[START_MESSAGE]
[ ERROR ] UtilityExitException
ERROR: Error in PeptideInternalHbondsMetric::count_hbonds(): The scoring function provided to the PeptideInternalHbondsMetric was not set to decompose backbone hydrogen bonds into pair energies!  This must be set.



[END_MESSAGE]
[END_CRASH_REPORT]

##############################################################################################################
#
# Rosetta crash log. Please submit the contents of this file to http://crash.rosettacommons.org/
# or use the script Rosetta/main/source/scripts/python/public/report_crashes.py
#

[START_CRASH_REPORT]
[ROSETTA_VERSION]: 2025.37+release.df75a9c48e
[COMMIT_DATE]: 2025-09-10T02:14:08.564791
[APPLICATION]: /home/vedansh/Downloads/rosetta_binary_ubuntu_3.15_bundle/rosetta.binary.ubuntu.release-408/main/source/bin/rosetta_scripts.static.linuxgccrelease
[MODE]: Release
[EXTRAS]: default
[OS]: GNU/Linux
[COMPILER]: GCC version "7.5.0"
[STDLIB]: libstdc++ version 20191114
[START_OPTIONS]
 -in:path:database=/home/vedansh/Downloads/rosetta_binary_ubuntu_3.15_bundle/rosetta.binary.ubuntu.release-408/main/database/ -in:file:s=refine/start_0010_mut_0001_prepack_0001_refine_0186 -out:suffix=_relax -out:path:all=relax/ -parser:protocol=/home/vedansh/projects/random/git-install/lib/relax_script.xml -parser:script_vars=MMP8_END=161 PEP_START=162 PEP_END=179

[END_OPTIONS]

[START_BACKTRACE]: RAW_LIBC
[0x817c9a6]
[0x819d9ef]
[0x8183e7f]
[0x8183bc6]
[0x537a46f]
[0x537ed95]
[0x537eead]
[0x4f5231b]
[0x4f1e3e1]
[0x4f20636]
[0x5258176]
[0x412287]
[0x8bf6e19]
[0x6c3c8a]

[END_BACKTRACE]

[FILE]: src/core/import_pose/import_pose.cc
[LINE]: 387
[START_MESSAGE]
[ ERROR ] UtilityExitException
ERROR: Cannot open file "refine/start_0010_mut_0001_prepack_0001_refine_0186"



[END_MESSAGE]
[END_CRASH_REPORT]

##############################################################################################################
#
# Rosetta crash log. Please submit the contents of this file to http://crash.rosettacommons.org/
# or use the script Rosetta/main/source/scripts/python/public/report_crashes.py
#

[START_CRASH_REPORT]
[ROSETTA_VERSION]: 2025.37+release.df75a9c48e
[COMMIT_DATE]: 2025-09-10T02:14:08.564791
[APPLICATION]: /home/vedansh/Downloads/rosetta_binary_ubuntu_3.15_bundle/rosetta.binary.ubuntu.release-408/main/source/bin/rosetta_scripts.static.linuxgccrelease
[MODE]: Release
[EXTRAS]: default
[OS]: GNU/Linux
[COMPILER]: GCC version "7.5.0"
[STDLIB]: libstdc++ version 20191114
[START_OPTIONS]
 -in:path:database=/home/vedansh/Downloads/rosetta_binary_ubuntu_3.15_bundle/rosetta.binary.ubuntu.release-408/main/database/ -in:file:s=/home/vedansh/projects/random/git-install/lib/rosetta_de_novo/refine/start_0010_mut_0001_prepack_0001_refine_0186 -out:suffix=_relax -out:path:all=relax/ -parser:protocol=/home/vedansh/projects/random/git-install/lib/relax_script.xml -parser:script_vars=MMP8_END=161 PEP_START=162 PEP_END=179

[END_OPTIONS]

[START_BACKTRACE]: RAW_LIBC
[0x817c9a6]
[0x819d9ef]
[0x8183e7f]
[0x8183bc6]
[0x537a46f]
[0x537ed95]
[0x537eead]
[0x4f5231b]
[0x4f1e3e1]
[0x4f20636]
[0x5258176]
[0x412287]
[0x8bf6e19]
[0x6c3c8a]

[END_BACKTRACE]

[FILE]: src/core/import_pose/import_pose.cc
[LINE]: 387
[START_MESSAGE]
[ ERROR ] UtilityExitException
ERROR: Cannot open file "/home/vedansh/projects/random/git-install/lib/rosetta_de_novo/refine/start_0010_mut_0001_prepack_0001_refine_0186"



[END_MESSAGE]
[END_CRASH_REPORT]

